
laughno_drake